pokemon-tcg-ai-battle-episodes-2026-07-28.zip: 4385 eps
  500/4385: 169029 decs
  1000/4385: 339107 decs
  1500/4385: 512315 decs
  2000/4385: 688991 decs
  2500/4385: 861044 decs
  3000/4385: 1036451 decs
  3500/4385: 1212929 decs
  4000/4385: 1387203 decs
  Alakazam: 97450 decs, 2MB
  Crustle Wall: 132570 decs, 2MB
  Cynthia Garchomp: 28494 decs, 1MB
  Dragapult: 34639 decs, 1MB
  Festival Lead: 37153 decs, 1MB
  Marnie Grimmsnarl: 1027502 decs, 19MB
  Mega Lopunny: 7745 decs, 0MB
  Mega Lucario: 892 decs, 0MB
  Mega Starmie: 1471 decs, 0MB
  Other: 788 decs, 0MB
  Teal Mask Ogerpon: 42406 decs, 1MB
  Team Rocket Mewtwo: 112077 decs, 2MB
  Done: 1523187 decs in 574s

pokemon-tcg-ai-battle-episodes-2026-07-29.zip: 4386 eps
  500/4386: 171317 decs
  1000/4386: 347823 decs
  1500/4386: 520707 decs
  2000/4386: 696993 decs
  2500/4386: 869854 decs
  3000/4386: 1040062 decs
  3500/4386: 1214117 decs
  4000/4386: 1387974 decs
  Alakazam: 152093 decs, 3MB
  Archaludon: 190 decs, 0MB
  Crustle Wall: 132144 decs, 2MB
  Cynthia Garchomp: 24815 decs, 0MB
  Dragapult: 23540 decs, 0MB
  Festival Lead: 32618 decs, 1MB
  Marnie Grimmsnarl: 1005218 decs, 18MB
  Mega Lopunny: 8168 decs, 0MB
  Mega Lucario: 1132 decs, 0MB
  Mega Starmie: 3297 decs, 0MB
  Other: 370 decs, 0MB
  Teal Mask Ogerpon: 38865 decs, 1MB
  Team Rocket Mewtwo: 97819 decs, 2MB
  Done: 1520269 decs in 598s

pokemon-tcg-ai-battle-episodes-2026-07-30.zip: 4384 eps
  500/4384: 172152 decs
  1000/4384: 348481 decs
  1500/4384: 519009 decs
  2000/4384: 686475 decs
  2500/4384: 867020 decs
  3000/4384: 1042648 decs
  3500/4384: 1216922 decs
  4000/4384: 1390724 decs
  Alakazam: 112531 decs, 2MB
  Archaludon: 316 decs, 0MB
  Crustle Wall: 126712 decs, 2MB
  Cynthia Garchomp: 38424 decs, 1MB
  Dragapult: 47203 decs, 1MB
  Festival Lead: 41865 decs, 1MB
  Marnie Grimmsnarl: 1018088 decs, 18MB
  Mega Lopunny: 14202 decs, 0MB
  Mega Lucario: 140 decs, 0MB
  Mega Starmie: 472 decs, 0MB
  Other: 901 decs, 0MB
  Teal Mask Ogerpon: 50424 decs, 1MB
  Team Rocket Mewtwo: 74436 decs, 1MB
  Done: 1525714 decs in 606s

pokemon-tcg-ai-battle-episodes-2026-08-01.zip: 4518 eps
  500/4518: 170608 decs
  1000/4518: 337651 decs
  1500/4518: 506269 decs
  2000/4518: 676071 decs
  2500/4518: 842171 decs
  3000/4518: 1007916 decs
  3500/4518: 1181259 decs
  4000/4518: 1350822 decs
  4500/4518: 1520274 decs
  Alakazam: 55199 decs, 1MB
  Crustle Wall: 112873 decs, 2MB
  Cynthia Garchomp: 47989 decs, 1MB
  Dragapult: 53152 decs, 1MB
  Festival Lead: 51644 decs, 1MB
  Marnie Grimmsnarl: 820524 decs, 15MB
  Mega Lopunny: 174308 decs, 4MB
  Mega Lucario: 2127 decs, 0MB
  Other: 1626 decs, 0MB
  Teal Mask Ogerpon: 157408 decs, 3MB
  Team Rocket Mewtwo: 49617 decs, 1MB
  Done: 1526467 decs in 591s

All done!
